time="2026-10-02T01:44:56+08:00" level=warning msg="Found orphan containers (industrial_energy_analysis-debezium-connect-1, industrial_energy_analysis-cdc-topics-init-1) for this project. If you removed or renamed this service in your compose file, you can run this command with the --remove-orphans flag to clean it up."
 Container industrial_energy_analysis-cdc-main-scheduler-run-5a2a0fcee6b3 Creating 
 Container industrial_energy_analysis-cdc-main-scheduler-run-5a2a0fcee6b3 Created 
26/10/02 01:44:59 WARN Utils: Your hostname, yzc-VMware-Virtual-Platform resolves to a loopback address: 127.0.1.1; using 192.168.21.131 instead (on interface ens33)
26/10/02 01:44:59 WARN Utils: Set SPARK_LOCAL_IP if you need to bind to another address
Setting default log level to "WARN".
To adjust logging level use sc.setLogLevel(newLevel). For SparkR, use setLogLevel(newLevel).
26/10/02 01:45:00 WARN NativeCodeLoader: Unable to load native-hadoop library for your platform... using builtin-java classes where applicable
26/10/02 01:45:04 WARN HiveConf: HiveConf of name hive.stats.jdbc.timeout does not exist
26/10/02 01:45:04 WARN HiveConf: HiveConf of name hive.stats.retries.wait does not exist
26/10/02 01:45:07 WARN ObjectStore: Version information not found in metastore. hive.metastore.schema.verification is not enabled so recording the schema version 2.3.0
26/10/02 01:45:07 WARN ObjectStore: setMetaStoreSchemaVersion called but recording version is disabled: version = 2.3.0, comment = Set by MetaStore yzc@127.0.1.1
Spark Web UI available at http://192.168.21.131:4040
Spark master: local[2], Application Id: local-1790876702809
default
energy_ads
energy_cdc_probe_20260930193749
energy_contract_probe_20260927
energy_datax_probe_20260927
energy_dwd
energy_dws
energy_ods
energy_scale_probe_20260927
Time taken: 2.896 seconds, Fetched 9 row(s)
26/10/02 01:45:10 WARN ObjectStore: Failed to get database global_temp, returning NoSuchObjectException
energy_detail_key   	string              	                    
record_date         	date                	                    
workshop_code       	string              	                    
workshop_name       	string              	                    
process_type        	string              	                    
energy_code         	string              	                    
energy_name         	string              	                    
consumption         	decimal(16,3)       	                    
unit                	string              	                    
unit_price          	decimal(12,4)       	                    
cost                	decimal(16,2)       	                    
record_status       	string              	                    
avg_temperature     	decimal(6,2)        	                    
is_production_day   	tinyint             	                    
is_weekend          	tinyint             	                    
is_holiday          	tinyint             	                    
year_month          	string              	                    
std_coal_kgce       	decimal(20,3)       	                    
co2_kg              	decimal(20,3)       	                    
source_updated_at   	timestamp           	                    
etl_time            	timestamp           	                    
is_deleted          	tinyint             	                    
dt                  	string              	                    
# Partition Information	                    	                    
# col_name          	data_type           	comment             
dt                  	string              	                    
Time taken: 1.202 seconds, Fetched 26 row(s)
19006
Time taken: 26.332 seconds, Fetched 1 row(s)
